>>> add_integer = __import__('0-add_integer').add_integer

>>> add_integer(0, 0)
0

>>> add_integer(5, 10)
15

>>> add_integer(10.0, 5.0)
15

>>> add_integer(-2, 2)
0

>>> add_integer(2.9, -2)
0

>>> add_integer(2)
100

>>> add_integer()
Traceback (most recent call last):
TypeError: add_integer() missing 1 required positional argument: 'a'

>>> add_integer('one', 'two')
Traceback (most recent call last):
TypeError: a must be an integer

>>> add_integer('three', 4)
Traceback (most recent call last):
TypeError: a must be an integer

>>> add_integer('five')
Traceback (most recent call last):
TypeError: a must be an integer

>>> add_integer(40, 'four')
Traceback (most recent call last):
TypeError: b must be an integer

>>> add_integer(float('inf'), 0)
Traceback (most recent call last):
...
OverflowError: cannot convert float infinity to integer

>>> add_integer(0, float('nan'))
Traceback (most recent call last):
...
ValueError: cannot convert float NaN to integer
